Performing C SOURCE FILE Test CMAKE_HAVE_LIBC_PTHREAD failed with the following output:
Change Dir: /home/xuanloc/DACN/ICIT/brrt_optimize/build/CMakeFiles/CMakeTmp

Run Build Command(s):/usr/bin/make cmTC_80a6d/fast && /usr/bin/make -f CMakeFiles/cmTC_80a6d.dir/build.make CMakeFiles/cmTC_80a6d.dir/build
make[1]: Entering directory '/home/xuanloc/DACN/ICIT/brrt_optimize/build/CMakeFiles/CMakeTmp'
Building C object CMakeFiles/cmTC_80a6d.dir/src.c.o
/usr/bin/cc   -DCMAKE_HAVE_LIBC_PTHREAD   -o CMakeFiles/cmTC_80a6d.dir/src.c.o   -c /home/xuanloc/DACN/ICIT/brrt_optimize/build/CMakeFiles/CMakeTmp/src.c
Linking C executable cmTC_80a6d
/usr/bin/cmake -E cmake_link_script CMakeFiles/cmTC_80a6d.dir/link.txt --verbose=1
/usr/bin/cc  -DCMAKE_HAVE_LIBC_PTHREAD    -rdynamic CMakeFiles/cmTC_80a6d.dir/src.c.o  -o cmTC_80a6d 
/usr/bin/ld: CMakeFiles/cmTC_80a6d.dir/src.c.o: in function `main':
src.c:(.text+0x48): undefined reference to `pthread_create'
/usr/bin/ld: src.c:(.text+0x50): undefined reference to `pthread_detach'
/usr/bin/ld: src.c:(.text+0x5c): undefined reference to `pthread_join'
collect2: error: ld returned 1 exit status
make[1]: *** [CMakeFiles/cmTC_80a6d.dir/build.make:87: cmTC_80a6d] Error 1
make[1]: Leaving directory '/home/xuanloc/DACN/ICIT/brrt_optimize/build/CMakeFiles/CMakeTmp'
make: *** [Makefile:121: cmTC_80a6d/fast] Error 2


Source file was:
#include <pthread.h>

void* test_func(void* data)
{
  return data;
}

int main(void)
{
  pthread_t thread;
  pthread_create(&thread, NULL, test_func, NULL);
  pthread_detach(thread);
  pthread_join(thread, NULL);
  pthread_atfork(NULL, NULL, NULL);
  pthread_exit(NULL);

  return 0;
}

Determining if the function pthread_create exists in the pthreads failed with the following output:
Change Dir: /home/xuanloc/DACN/ICIT/brrt_optimize/build/CMakeFiles/CMakeTmp

Run Build Command(s):/usr/bin/make cmTC_97edf/fast && /usr/bin/make -f CMakeFiles/cmTC_97edf.dir/build.make CMakeFiles/cmTC_97edf.dir/build
make[1]: Entering directory '/home/xuanloc/DACN/ICIT/brrt_optimize/build/CMakeFiles/CMakeTmp'
Building C object CMakeFiles/cmTC_97edf.dir/CheckFunctionExists.c.o
/usr/bin/cc   -DCHECK_FUNCTION_EXISTS=pthread_create   -o CMakeFiles/cmTC_97edf.dir/CheckFunctionExists.c.o   -c /usr/share/cmake-3.16/Modules/CheckFunctionExists.c
Linking C executable cmTC_97edf
/usr/bin/cmake -E cmake_link_script CMakeFiles/cmTC_97edf.dir/link.txt --verbose=1
/usr/bin/cc  -DCHECK_FUNCTION_EXISTS=pthread_create    -rdynamic CMakeFiles/cmTC_97edf.dir/CheckFunctionExists.c.o  -o cmTC_97edf  -lpthreads 
/usr/bin/ld: cannot find -lpthreads
collect2: error: ld returned 1 exit status
make[1]: *** [CMakeFiles/cmTC_97edf.dir/build.make:87: cmTC_97edf] Error 1
make[1]: Leaving directory '/home/xuanloc/DACN/ICIT/brrt_optimize/build/CMakeFiles/CMakeTmp'
make: *** [Makefile:121: cmTC_97edf/fast] Error 2



Performing C SOURCE FILE Test CMAKE_HAVE_LIBC_PTHREAD failed with the following output:
Change Dir: /home/xuanloc/DACN/ICIT/brrt_optimize/build/CMakeFiles/CMakeTmp

Run Build Command(s):/usr/bin/make cmTC_188f6/fast && /usr/bin/make -f CMakeFiles/cmTC_188f6.dir/build.make CMakeFiles/cmTC_188f6.dir/build
make[1]: Entering directory '/home/xuanloc/DACN/ICIT/brrt_optimize/build/CMakeFiles/CMakeTmp'
Building C object CMakeFiles/cmTC_188f6.dir/src.c.o
/usr/bin/cc   -DCMAKE_HAVE_LIBC_PTHREAD   -o CMakeFiles/cmTC_188f6.dir/src.c.o   -c /home/xuanloc/DACN/ICIT/brrt_optimize/build/CMakeFiles/CMakeTmp/src.c
Linking C executable cmTC_188f6
/usr/bin/cmake -E cmake_link_script CMakeFiles/cmTC_188f6.dir/link.txt --verbose=1
/usr/bin/cc  -DCMAKE_HAVE_LIBC_PTHREAD    -rdynamic CMakeFiles/cmTC_188f6.dir/src.c.o  -o cmTC_188f6 
/usr/bin/ld: CMakeFiles/cmTC_188f6.dir/src.c.o: in function `main':
src.c:(.text+0x48): undefined reference to `pthread_create'
/usr/bin/ld: src.c:(.text+0x50): undefined reference to `pthread_detach'
/usr/bin/ld: src.c:(.text+0x5c): undefined reference to `pthread_join'
collect2: error: ld returned 1 exit status
make[1]: *** [CMakeFiles/cmTC_188f6.dir/build.make:87: cmTC_188f6] Error 1
make[1]: Leaving directory '/home/xuanloc/DACN/ICIT/brrt_optimize/build/CMakeFiles/CMakeTmp'
make: *** [Makefile:121: cmTC_188f6/fast] Error 2


Source file was:
#include <pthread.h>

void* test_func(void* data)
{
  return data;
}

int main(void)
{
  pthread_t thread;
  pthread_create(&thread, NULL, test_func, NULL);
  pthread_detach(thread);
  pthread_join(thread, NULL);
  pthread_atfork(NULL, NULL, NULL);
  pthread_exit(NULL);

  return 0;
}

Determining if the function pthread_create exists in the pthreads failed with the following output:
Change Dir: /home/xuanloc/DACN/ICIT/brrt_optimize/build/CMakeFiles/CMakeTmp

Run Build Command(s):/usr/bin/make cmTC_09a2b/fast && /usr/bin/make -f CMakeFiles/cmTC_09a2b.dir/build.make CMakeFiles/cmTC_09a2b.dir/build
make[1]: Entering directory '/home/xuanloc/DACN/ICIT/brrt_optimize/build/CMakeFiles/CMakeTmp'
Building C object CMakeFiles/cmTC_09a2b.dir/CheckFunctionExists.c.o
/usr/bin/cc   -DCHECK_FUNCTION_EXISTS=pthread_create   -o CMakeFiles/cmTC_09a2b.dir/CheckFunctionExists.c.o   -c /usr/share/cmake-3.16/Modules/CheckFunctionExists.c
Linking C executable cmTC_09a2b
/usr/bin/cmake -E cmake_link_script CMakeFiles/cmTC_09a2b.dir/link.txt --verbose=1
/usr/bin/cc  -DCHECK_FUNCTION_EXISTS=pthread_create    -rdynamic CMakeFiles/cmTC_09a2b.dir/CheckFunctionExists.c.o  -o cmTC_09a2b  -lpthreads 
/usr/bin/ld: cannot find -lpthreads
collect2: error: ld returned 1 exit status
make[1]: *** [CMakeFiles/cmTC_09a2b.dir/build.make:87: cmTC_09a2b] Error 1
make[1]: Leaving directory '/home/xuanloc/DACN/ICIT/brrt_optimize/build/CMakeFiles/CMakeTmp'
make: *** [Makefile:121: cmTC_09a2b/fast] Error 2



